
> my-v0-project@0.1.0 test
> jest __tests__/study-deployment.test.ts

  console.log
    ≡ƒÜÇ Starting deployment to development environment...

      at StudyPlatformDeploymentManager.deployToEnvironment (lib/study-platform-deployment.ts:609:15)

  console.log
    ≡ƒöì Running pre-deployment checks...

      at StudyPlatformDeploymentManager.runPreDeploymentChecks (lib/study-platform-deployment.ts:782:13)

  console.log
    ≡ƒôª Creating backup: backup_1779899180093

      at StudyPlatformDeploymentManager.createBackup (lib/study-platform-deployment.ts:790:13)

  console.log
    ≡ƒôª Created backup: backup_1779899180093

      at StudyPlatformDeploymentManager.deployToEnvironment (lib/study-platform-deployment.ts:619:15)

  console.log
    ≡ƒöä Running database migrations...

      at StudyPlatformDeploymentManager.runMigrations (lib/study-platform-deployment.ts:796:13)

  console.log
      Running migration 001: create_participants_collection

      at StudyPlatformDeploymentManager.runMigrations (lib/study-platform-deployment.ts:799:15)

  console.log
      Running migration 002: create_sessions_collection

      at StudyPlatformDeploymentManager.runMigrations (lib/study-platform-deployment.ts:799:15)

  console.log
      Running migration 003: create_assessments_collection

      at StudyPlatformDeploymentManager.runMigrations (lib/study-platform-deployment.ts:799:15)

  console.log
    ≡ƒÜÇ Deploying application version 1.0.0...

      at StudyPlatformDeploymentManager.deployApplication (lib/study-platform-deployment.ts:807:13)

  console.log
    ≡ƒÅÑ Running health checks...

      at StudyPlatformDeploymentManager.runHealthChecks (lib/study-platform-deployment.ts:813:13)

  console.log
      Checking: API Health

      at StudyPlatformDeploymentManager.runHealthChecks (lib/study-platform-deployment.ts:816:15)

  console.log
      Checking: Database Connectivity

      at StudyPlatformDeploymentManager.runHealthChecks (lib/study-platform-deployment.ts:816:15)

  console.log
      Checking: Redis Connectivity

      at StudyPlatformDeploymentManager.runHealthChecks (lib/study-platform-deployment.ts:816:15)

  console.log
      Checking: Authentication Service

      at StudyPlatformDeploymentManager.runHealthChecks (lib/study-platform-deployment.ts:816:15)

  console.log
      Checking: LLM Context Transfer API

      at StudyPlatformDeploymentManager.runHealthChecks (lib/study-platform-deployment.ts:816:15)

  console.log
    Γ£à Deployment to development completed successfully

      at StudyPlatformDeploymentManager.deployToEnvironment (lib/study-platform-deployment.ts:642:15)

  console.log
    ≡ƒÜÇ Starting deployment to staging environment...

      at StudyPlatformDeploymentManager.deployToEnvironment (lib/study-platform-deployment.ts:609:15)

  console.log
    ≡ƒöì Running pre-deployment checks...

      at StudyPlatformDeploymentManager.runPreDeploymentChecks (lib/study-platform-deployment.ts:782:13)

  console.log
    ≡ƒôª Creating backup: backup_1779899195702

      at StudyPlatformDeploymentManager.createBackup (lib/study-platform-deployment.ts:790:13)

  console.log
    ≡ƒôª Created backup: backup_1779899195702

      at StudyPlatformDeploymentManager.deployToEnvironment (lib/study-platform-deployment.ts:619:15)

  console.log
    ≡ƒöä Running database migrations...

      at StudyPlatformDeploymentManager.runMigrations (lib/study-platform-deployment.ts:796:13)

  console.log
      Running migration 001: create_participants_collection

      at StudyPlatformDeploymentManager.runMigrations (lib/study-platform-deployment.ts:799:15)

  console.log
      Running migration 002: create_sessions_collection

      at StudyPlatformDeploymentManager.runMigrations (lib/study-platform-deployment.ts:799:15)

  console.log
      Running migration 003: create_assessments_collection

      at StudyPlatformDeploymentManager.runMigrations (lib/study-platform-deployment.ts:799:15)

  console.log
    ≡ƒÜÇ Deploying application version 1.0.0...

      at StudyPlatformDeploymentManager.deployApplication (lib/study-platform-deployment.ts:807:13)

  console.log
    ≡ƒÅÑ Running health checks...

      at StudyPlatformDeploymentManager.runHealthChecks (lib/study-platform-deployment.ts:813:13)

  console.log
      Checking: API Health

      at StudyPlatformDeploymentManager.runHealthChecks (lib/study-platform-deployment.ts:816:15)

  console.log
      Checking: Database Connectivity

      at StudyPlatformDeploymentManager.runHealthChecks (lib/study-platform-deployment.ts:816:15)

  console.log
      Checking: Redis Connectivity

      at StudyPlatformDeploymentManager.runHealthChecks (lib/study-platform-deployment.ts:816:15)

  console.log
      Checking: Authentication Service

      at StudyPlatformDeploymentManager.runHealthChecks (lib/study-platform-deployment.ts:816:15)

  console.log
      Checking: LLM Context Transfer API

      at StudyPlatformDeploymentManager.runHealthChecks (lib/study-platform-deployment.ts:816:15)

  console.log
    Γ£à Deployment to staging completed successfully

      at StudyPlatformDeploymentManager.deployToEnvironment (lib/study-platform-deployment.ts:642:15)

  console.log
    ≡ƒÜÇ Starting deployment to production environment...

      at StudyPlatformDeploymentManager.deployToEnvironment (lib/study-platform-deployment.ts:609:15)

  console.log
    ≡ƒöì Running pre-deployment checks...

      at StudyPlatformDeploymentManager.runPreDeploymentChecks (lib/study-platform-deployment.ts:782:13)

  console.log
    ≡ƒôª Creating backup: backup_1779899211332

      at StudyPlatformDeploymentManager.createBackup (lib/study-platform-deployment.ts:790:13)

  console.log
    ≡ƒôª Created backup: backup_1779899211332

      at StudyPlatformDeploymentManager.deployToEnvironment (lib/study-platform-deployment.ts:619:15)

  console.log
    ≡ƒöä Running database migrations...

      at StudyPlatformDeploymentManager.runMigrations (lib/study-platform-deployment.ts:796:13)

  console.log
      Running migration 001: create_participants_collection

      at StudyPlatformDeploymentManager.runMigrations (lib/study-platform-deployment.ts:799:15)

  console.log
      Running migration 002: create_sessions_collection

      at StudyPlatformDeploymentManager.runMigrations (lib/study-platform-deployment.ts:799:15)

  console.log
      Running migration 003: create_assessments_collection

      at StudyPlatformDeploymentManager.runMigrations (lib/study-platform-deployment.ts:799:15)

  console.log
    ≡ƒÜÇ Deploying application version 1.0.0...

      at StudyPlatformDeploymentManager.deployApplication (lib/study-platform-deployment.ts:807:13)

  console.log
    ≡ƒÅÑ Running health checks...

      at StudyPlatformDeploymentManager.runHealthChecks (lib/study-platform-deployment.ts:813:13)

  console.log
      Checking: API Health

      at StudyPlatformDeploymentManager.runHealthChecks (lib/study-platform-deployment.ts:816:15)

  console.log
      Checking: Database Connectivity

      at StudyPlatformDeploymentManager.runHealthChecks (lib/study-platform-deployment.ts:816:15)

  console.log
      Checking: Redis Connectivity

      at StudyPlatformDeploymentManager.runHealthChecks (lib/study-platform-deployment.ts:816:15)

  console.log
      Checking: Authentication Service

      at StudyPlatformDeploymentManager.runHealthChecks (lib/study-platform-deployment.ts:816:15)

  console.log
      Checking: LLM Context Transfer API

      at StudyPlatformDeploymentManager.runHealthChecks (lib/study-platform-deployment.ts:816:15)

  console.log
    Γ£à Deployment to production completed successfully

      at StudyPlatformDeploymentManager.deployToEnvironment (lib/study-platform-deployment.ts:642:15)

  console.log
    ≡ƒöä Running load test: CARTS Load Test - staging

      at StudyPlatformDeploymentManager.runLoadTest (lib/study-platform-deployment.ts:747:13)

  console.log
    Γ£à Load test completed: PASSED

      at StudyPlatformDeploymentManager.runLoadTest (lib/study-platform-deployment.ts:773:13)

  console.log
    ≡ƒôè Generating weekly quality report for week 3...

      at QualityMonitoringSystem.generateWeeklyReport (lib/quality-monitoring.ts:377:13)

  console.log
    ≡ƒôº Scheduled 55 participant reminders

      at QualityMonitoringSystem.sendParticipantReminders (lib/quality-monitoring.ts:546:13)

  console.log
    Γ£à Completed 3 data integrity checks

      at QualityMonitoringSystem.runDataIntegrityChecks (lib/quality-monitoring.ts:598:13)

  console.log
    ≡ƒÜÇ Starting deployment to staging environment...

      at StudyPlatformDeploymentManager.deployToEnvironment (lib/study-platform-deployment.ts:609:15)

  console.log
    ≡ƒöì Running pre-deployment checks...

      at StudyPlatformDeploymentManager.runPreDeploymentChecks (lib/study-platform-deployment.ts:782:13)

  console.log
    ≡ƒôª Creating backup: backup_1779899234283

      at StudyPlatformDeploymentManager.createBackup (lib/study-platform-deployment.ts:790:13)

  console.log
    ≡ƒôª Created backup: backup_1779899234283

      at StudyPlatformDeploymentManager.deployToEnvironment (lib/study-platform-deployment.ts:619:15)

  console.log
    ≡ƒöä Running database migrations...

      at StudyPlatformDeploymentManager.runMigrations (lib/study-platform-deployment.ts:796:13)

  console.log
      Running migration 001: create_participants_collection

      at StudyPlatformDeploymentManager.runMigrations (lib/study-platform-deployment.ts:799:15)

  console.log
      Running migration 002: create_sessions_collection

      at StudyPlatformDeploymentManager.runMigrations (lib/study-platform-deployment.ts:799:15)

  console.log
      Running migration 003: create_assessments_collection

      at StudyPlatformDeploymentManager.runMigrations (lib/study-platform-deployment.ts:799:15)

  console.log
    ≡ƒÜÇ Deploying application version 1.0.0...

      at StudyPlatformDeploymentManager.deployApplication (lib/study-platform-deployment.ts:807:13)

  console.log
    ≡ƒÅÑ Running health checks...

      at StudyPlatformDeploymentManager.runHealthChecks (lib/study-platform-deployment.ts:813:13)

  console.log
      Checking: API Health

      at StudyPlatformDeploymentManager.runHealthChecks (lib/study-platform-deployment.ts:816:15)

  console.log
      Checking: Database Connectivity

      at StudyPlatformDeploymentManager.runHealthChecks (lib/study-platform-deployment.ts:816:15)

  console.log
      Checking: Redis Connectivity

      at StudyPlatformDeploymentManager.runHealthChecks (lib/study-platform-deployment.ts:816:15)

  console.log
      Checking: Authentication Service

      at StudyPlatformDeploymentManager.runHealthChecks (lib/study-platform-deployment.ts:816:15)

  console.log
      Checking: LLM Context Transfer API

      at StudyPlatformDeploymentManager.runHealthChecks (lib/study-platform-deployment.ts:816:15)

  console.log
    Γ£à Deployment to staging completed successfully

      at StudyPlatformDeploymentManager.deployToEnvironment (lib/study-platform-deployment.ts:642:15)

  console.log
    ≡ƒÜÇ Starting CARTS Pilot Study

      at PilotStudyManager.runPilotStudy (scripts/run-pilot-study.ts:149:13)

  console.log
    ==================================================

      at PilotStudyManager.runPilotStudy (scripts/run-pilot-study.ts:150:13)

  console.log
    
    ≡ƒôï Phase 1: Pre-pilot Validation

      at PilotStudyManager.runPilotStudy (scripts/run-pilot-study.ts:161:15)

  console.log
      ≡ƒöì Checking system requirements...

      at PilotStudyManager.validatePrePilotRequirements (scripts/run-pilot-study.ts:258:13)

  console.log
      ≡ƒôè Validating database schema...

      at PilotStudyManager.validatePrePilotRequirements (scripts/run-pilot-study.ts:269:13)

  console.log
      ≡ƒñû Testing LLM service connectivity...

      at PilotStudyManager.validatePrePilotRequirements (scripts/run-pilot-study.ts:273:13)

  console.log
      Γ£à All pre-pilot requirements validated

      at PilotStudyManager.validatePrePilotRequirements (scripts/run-pilot-study.ts:276:13)

  console.log
    
    ≡ƒæÑ Phase 2: Pilot Participant Recruitment

      at PilotStudyManager.runPilotStudy (scripts/run-pilot-study.ts:165:15)

  console.log
      ≡ƒæÑ Recruiting 20 pilot participants...

      at PilotStudyManager.recruitPilotParticipants (scripts/run-pilot-study.ts:283:13)

  console.log
      Γ£à Successfully recruited 20 participants

      at PilotStudyManager.recruitPilotParticipants (scripts/run-pilot-study.ts:298:13)

  console.log
    
    ≡ƒöº Phase 3: System Deployment Validation

      at PilotStudyManager.runPilotStudy (scripts/run-pilot-study.ts:169:15)

  console.log
      ≡ƒöº Running system deployment validation...

      at PilotStudyManager.validateSystemDeployment (scripts/run-pilot-study.ts:306:13)

  console.log
        ≡ƒôê Executing load test...

      at PilotStudyManager.validateSystemDeployment (scripts/run-pilot-study.ts:309:13)

  console.log
    ≡ƒöä Running load test: CARTS Load Test - staging

      at StudyPlatformDeploymentManager.runLoadTest (lib/study-platform-deployment.ts:747:13)

  console.log
    Γ£à Load test completed: PASSED

      at StudyPlatformDeploymentManager.runLoadTest (lib/study-platform-deployment.ts:773:13)

  console.log
        Γ£à Load test passed (75 req/s, 450ms avg)

      at PilotStudyManager.validateSystemDeployment (scripts/run-pilot-study.ts:316:13)

  console.log
    
    ≡ƒôè Phase 4: Data Collection Execution

      at PilotStudyManager.runPilotStudy (scripts/run-pilot-study.ts:173:15)

  console.log
      ≡ƒôè Starting pilot data collection...

      at PilotStudyManager.executePilotDataCollection (scripts/run-pilot-study.ts:323:13)

  console.log
      ΓÅ│ Simulating 2-week data collection period...

      at PilotStudyManager.executePilotDataCollection (scripts/run-pilot-study.ts:332:13)

  console.log
      Γ£à Data collection completed

      at PilotStudyManager.executePilotDataCollection (scripts/run-pilot-study.ts:335:13)

  console.log
    
    ≡ƒôê Phase 5: Performance Monitoring

      at PilotStudyManager.runPilotStudy (scripts/run-pilot-study.ts:177:15)

  console.log
      ≡ƒôê Monitoring system performance...

      at PilotStudyManager.monitorPilotPerformance (scripts/run-pilot-study.ts:342:13)

  console.log
      Γ£à Performance monitoring completed (611ms avg, 99.6% uptime)

      at PilotStudyManager.monitorPilotPerformance (scripts/run-pilot-study.ts:359:13)

  console.log
    
    ≡ƒñû Phase 6: Context Transfer Validation

      at PilotStudyManager.runPilotStudy (scripts/run-pilot-study.ts:181:15)

  console.log
      ≡ƒñû Validating context transfer system...

      at PilotStudyManager.validateContextTransfer (scripts/run-pilot-study.ts:367:13)

  console.log
      Γ£à Context transfer validation completed (0.92 consistency)

      at PilotStudyManager.validateContextTransfer (scripts/run-pilot-study.ts:384:13)

  console.log
    
    ≡ƒöì Phase 7: Data Quality Assessment

      at PilotStudyManager.runPilotStudy (scripts/run-pilot-study.ts:185:15)

  console.log
      ≡ƒöì Assessing data quality...

      at PilotStudyManager.assessDataQuality (scripts/run-pilot-study.ts:392:13)

  console.log
      Γ£à Data quality assessment completed (88.5/100)

      at PilotStudyManager.assessDataQuality (scripts/run-pilot-study.ts:399:13)

  console.log
    
    ΓÜá∩╕Å  Phase 8: Technical Issue Analysis

      at PilotStudyManager.runPilotStudy (scripts/run-pilot-study.ts:189:15)

  console.log
      ΓÜá∩╕Å  Analyzing technical issues...

      at PilotStudyManager.analyzeTechnicalIssues (scripts/run-pilot-study.ts:407:13)

  console.log
      Γ£à Technical analysis completed (0 issues found)

      at PilotStudyManager.analyzeTechnicalIssues (scripts/run-pilot-study.ts:428:13)

  console.log
    
    ≡ƒôä Phase 9: Generating Pilot Report

      at PilotStudyManager.runPilotStudy (scripts/run-pilot-study.ts:193:15)

  console.log
    ≡ƒôä Pilot report saved: D:\CODE\voichat1012\results\pilot-study-report.json

      at PilotStudyManager.savePilotReport (scripts/run-pilot-study.ts:559:13)

  console.log
    
    Γ£à Pilot Study Completed Successfully

      at PilotStudyManager.runPilotStudy (scripts/run-pilot-study.ts:222:15)

  console.log
    ≡ƒÜÇ Starting deployment to staging environment...

      at StudyPlatformDeploymentManager.deployToEnvironment (lib/study-platform-deployment.ts:609:15)

  console.log
    ≡ƒöì Running pre-deployment checks...

      at StudyPlatformDeploymentManager.runPreDeploymentChecks (lib/study-platform-deployment.ts:782:13)

  console.log
    ≡ƒôª Creating backup: backup_1779899269671

      at StudyPlatformDeploymentManager.createBackup (lib/study-platform-deployment.ts:790:13)

  console.log
    ≡ƒôª Created backup: backup_1779899269671

      at StudyPlatformDeploymentManager.deployToEnvironment (lib/study-platform-deployment.ts:619:15)

  console.log
    ≡ƒöä Running database migrations...

      at StudyPlatformDeploymentManager.runMigrations (lib/study-platform-deployment.ts:796:13)

  console.log
      Running migration 001: create_participants_collection

      at StudyPlatformDeploymentManager.runMigrations (lib/study-platform-deployment.ts:799:15)

  console.log
      Running migration 002: create_sessions_collection

      at StudyPlatformDeploymentManager.runMigrations (lib/study-platform-deployment.ts:799:15)

  console.log
      Running migration 003: create_assessments_collection

      at StudyPlatformDeploymentManager.runMigrations (lib/study-platform-deployment.ts:799:15)

  console.log
    ≡ƒÜÇ Deploying application version 1.0.0...

      at StudyPlatformDeploymentManager.deployApplication (lib/study-platform-deployment.ts:807:13)

  console.log
    ≡ƒÅÑ Running health checks...

      at StudyPlatformDeploymentManager.runHealthChecks (lib/study-platform-deployment.ts:813:13)

  console.log
      Checking: API Health

      at StudyPlatformDeploymentManager.runHealthChecks (lib/study-platform-deployment.ts:816:15)

  console.log
      Checking: Database Connectivity

      at StudyPlatformDeploymentManager.runHealthChecks (lib/study-platform-deployment.ts:816:15)

  console.log
      Checking: Redis Connectivity

      at StudyPlatformDeploymentManager.runHealthChecks (lib/study-platform-deployment.ts:816:15)

  console.log
      Checking: Authentication Service

      at StudyPlatformDeploymentManager.runHealthChecks (lib/study-platform-deployment.ts:816:15)

  console.log
      Checking: LLM Context Transfer API

      at StudyPlatformDeploymentManager.runHealthChecks (lib/study-platform-deployment.ts:816:15)

  console.log
    Γ£à Deployment to staging completed successfully

      at StudyPlatformDeploymentManager.deployToEnvironment (lib/study-platform-deployment.ts:642:15)

  console.log
    ≡ƒÜÇ Starting CARTS Pilot Study

      at PilotStudyManager.runPilotStudy (scripts/run-pilot-study.ts:149:13)

  console.log
    ==================================================

      at PilotStudyManager.runPilotStudy (scripts/run-pilot-study.ts:150:13)

  console.log
    
    ≡ƒôï Phase 1: Pre-pilot Validation

      at PilotStudyManager.runPilotStudy (scripts/run-pilot-study.ts:161:15)

  console.log
      ≡ƒöì Checking system requirements...

      at PilotStudyManager.validatePrePilotRequirements (scripts/run-pilot-study.ts:258:13)

  console.log
      ≡ƒôè Validating database schema...

      at PilotStudyManager.validatePrePilotRequirements (scripts/run-pilot-study.ts:269:13)

  console.log
      ≡ƒñû Testing LLM service connectivity...

      at PilotStudyManager.validatePrePilotRequirements (scripts/run-pilot-study.ts:273:13)

  console.log
      Γ£à All pre-pilot requirements validated

      at PilotStudyManager.validatePrePilotRequirements (scripts/run-pilot-study.ts:276:13)

  console.log
    
    ≡ƒæÑ Phase 2: Pilot Participant Recruitment

      at PilotStudyManager.runPilotStudy (scripts/run-pilot-study.ts:165:15)

  console.log
      ≡ƒæÑ Recruiting 20 pilot participants...

      at PilotStudyManager.recruitPilotParticipants (scripts/run-pilot-study.ts:283:13)

  console.log
      Γ£à Successfully recruited 20 participants

      at PilotStudyManager.recruitPilotParticipants (scripts/run-pilot-study.ts:298:13)

  console.log
    
    ≡ƒöº Phase 3: System Deployment Validation

      at PilotStudyManager.runPilotStudy (scripts/run-pilot-study.ts:169:15)

  console.log
      ≡ƒöº Running system deployment validation...

      at PilotStudyManager.validateSystemDeployment (scripts/run-pilot-study.ts:306:13)

  console.log
        ≡ƒôê Executing load test...

      at PilotStudyManager.validateSystemDeployment (scripts/run-pilot-study.ts:309:13)

  console.log
    ≡ƒöä Running load test: CARTS Load Test - staging

      at StudyPlatformDeploymentManager.runLoadTest (lib/study-platform-deployment.ts:747:13)

  console.log
    Γ£à Load test completed: PASSED

      at StudyPlatformDeploymentManager.runLoadTest (lib/study-platform-deployment.ts:773:13)

  console.log
        Γ£à Load test passed (75 req/s, 450ms avg)

      at PilotStudyManager.validateSystemDeployment (scripts/run-pilot-study.ts:316:13)

  console.log
    
    ≡ƒôè Phase 4: Data Collection Execution

      at PilotStudyManager.runPilotStudy (scripts/run-pilot-study.ts:173:15)

  console.log
      ≡ƒôè Starting pilot data collection...

      at PilotStudyManager.executePilotDataCollection (scripts/run-pilot-study.ts:323:13)

  console.log
      ΓÅ│ Simulating 2-week data collection period...

      at PilotStudyManager.executePilotDataCollection (scripts/run-pilot-study.ts:332:13)

  console.log
      Γ£à Data collection completed

      at PilotStudyManager.executePilotDataCollection (scripts/run-pilot-study.ts:335:13)

  console.log
    
    ≡ƒôê Phase 5: Performance Monitoring

      at PilotStudyManager.runPilotStudy (scripts/run-pilot-study.ts:177:15)

  console.log
      ≡ƒôê Monitoring system performance...

      at PilotStudyManager.monitorPilotPerformance (scripts/run-pilot-study.ts:342:13)

  console.log
      Γ£à Performance monitoring completed (616ms avg, 99.5% uptime)

      at PilotStudyManager.monitorPilotPerformance (scripts/run-pilot-study.ts:359:13)

  console.log
    
    ≡ƒñû Phase 6: Context Transfer Validation

      at PilotStudyManager.runPilotStudy (scripts/run-pilot-study.ts:181:15)

  console.log
      ≡ƒñû Validating context transfer system...

      at PilotStudyManager.validateContextTransfer (scripts/run-pilot-study.ts:367:13)

  console.log
      Γ£à Context transfer validation completed (0.93 consistency)

      at PilotStudyManager.validateContextTransfer (scripts/run-pilot-study.ts:384:13)

  console.log
    
    ≡ƒöì Phase 7: Data Quality Assessment

      at PilotStudyManager.runPilotStudy (scripts/run-pilot-study.ts:185:15)

  console.log
      ≡ƒöì Assessing data quality...

      at PilotStudyManager.assessDataQuality (scripts/run-pilot-study.ts:392:13)

  console.log
      Γ£à Data quality assessment completed (95.3/100)

      at PilotStudyManager.assessDataQuality (scripts/run-pilot-study.ts:399:13)

  console.log
    
    ΓÜá∩╕Å  Phase 8: Technical Issue Analysis

      at PilotStudyManager.runPilotStudy (scripts/run-pilot-study.ts:189:15)

  console.log
      ΓÜá∩╕Å  Analyzing technical issues...

      at PilotStudyManager.analyzeTechnicalIssues (scripts/run-pilot-study.ts:407:13)

  console.log
      Γ£à Technical analysis completed (3 issues found)

      at PilotStudyManager.analyzeTechnicalIssues (scripts/run-pilot-study.ts:428:13)

  console.log
    
    ≡ƒôä Phase 9: Generating Pilot Report

      at PilotStudyManager.runPilotStudy (scripts/run-pilot-study.ts:193:15)

  console.log
    ≡ƒôä Pilot report saved: D:\CODE\voichat1012\results\pilot-study-report.json

      at PilotStudyManager.savePilotReport (scripts/run-pilot-study.ts:559:13)

  console.log
    
    Γ£à Pilot Study Completed Successfully

      at PilotStudyManager.runPilotStudy (scripts/run-pilot-study.ts:222:15)

  console.log
    ≡ƒÜÇ Starting deployment to staging environment...

      at StudyPlatformDeploymentManager.deployToEnvironment (lib/study-platform-deployment.ts:609:15)

  console.log
    ≡ƒöì Running pre-deployment checks...

      at StudyPlatformDeploymentManager.runPreDeploymentChecks (lib/study-platform-deployment.ts:782:13)

  console.log
    ≡ƒôª Creating backup: backup_1779899305003

      at StudyPlatformDeploymentManager.createBackup (lib/study-platform-deployment.ts:790:13)

  console.log
    ≡ƒôª Created backup: backup_1779899305003

      at StudyPlatformDeploymentManager.deployToEnvironment (lib/study-platform-deployment.ts:619:15)

  console.log
    ≡ƒöä Running database migrations...

      at StudyPlatformDeploymentManager.runMigrations (lib/study-platform-deployment.ts:796:13)

  console.log
      Running migration 001: create_participants_collection

      at StudyPlatformDeploymentManager.runMigrations (lib/study-platform-deployment.ts:799:15)

  console.log
      Running migration 002: create_sessions_collection

      at StudyPlatformDeploymentManager.runMigrations (lib/study-platform-deployment.ts:799:15)

  console.log
      Running migration 003: create_assessments_collection

      at StudyPlatformDeploymentManager.runMigrations (lib/study-platform-deployment.ts:799:15)

  console.log
    ≡ƒÜÇ Deploying application version 1.0.0...

      at StudyPlatformDeploymentManager.deployApplication (lib/study-platform-deployment.ts:807:13)

  console.log
    ≡ƒÅÑ Running health checks...

      at StudyPlatformDeploymentManager.runHealthChecks (lib/study-platform-deployment.ts:813:13)

  console.log
      Checking: API Health

      at StudyPlatformDeploymentManager.runHealthChecks (lib/study-platform-deployment.ts:816:15)

  console.log
      Checking: Database Connectivity

      at StudyPlatformDeploymentManager.runHealthChecks (lib/study-platform-deployment.ts:816:15)

  console.log
      Checking: Redis Connectivity

      at StudyPlatformDeploymentManager.runHealthChecks (lib/study-platform-deployment.ts:816:15)

  console.log
      Checking: Authentication Service

      at StudyPlatformDeploymentManager.runHealthChecks (lib/study-platform-deployment.ts:816:15)

  console.log
      Checking: LLM Context Transfer API

      at StudyPlatformDeploymentManager.runHealthChecks (lib/study-platform-deployment.ts:816:15)

  console.log
    Γ£à Deployment to staging completed successfully

      at StudyPlatformDeploymentManager.deployToEnvironment (lib/study-platform-deployment.ts:642:15)

  console.log
    ≡ƒÜÇ Starting CARTS Pilot Study

      at PilotStudyManager.runPilotStudy (scripts/run-pilot-study.ts:149:13)

  console.log
    ==================================================

      at PilotStudyManager.runPilotStudy (scripts/run-pilot-study.ts:150:13)

  console.log
    
    ≡ƒôï Phase 1: Pre-pilot Validation

      at PilotStudyManager.runPilotStudy (scripts/run-pilot-study.ts:161:15)

  console.log
      ≡ƒöì Checking system requirements...

      at PilotStudyManager.validatePrePilotRequirements (scripts/run-pilot-study.ts:258:13)

  console.log
      ≡ƒôè Validating database schema...

      at PilotStudyManager.validatePrePilotRequirements (scripts/run-pilot-study.ts:269:13)

  console.log
      ≡ƒñû Testing LLM service connectivity...

      at PilotStudyManager.validatePrePilotRequirements (scripts/run-pilot-study.ts:273:13)

  console.log
      Γ£à All pre-pilot requirements validated

      at PilotStudyManager.validatePrePilotRequirements (scripts/run-pilot-study.ts:276:13)

  console.log
    
    ≡ƒæÑ Phase 2: Pilot Participant Recruitment

      at PilotStudyManager.runPilotStudy (scripts/run-pilot-study.ts:165:15)

  console.log
      ≡ƒæÑ Recruiting 20 pilot participants...

      at PilotStudyManager.recruitPilotParticipants (scripts/run-pilot-study.ts:283:13)

  console.log
      Γ£à Successfully recruited 20 participants

      at PilotStudyManager.recruitPilotParticipants (scripts/run-pilot-study.ts:298:13)

  console.log
    
    ≡ƒöº Phase 3: System Deployment Validation

      at PilotStudyManager.runPilotStudy (scripts/run-pilot-study.ts:169:15)

  console.log
      ≡ƒöº Running system deployment validation...

      at PilotStudyManager.validateSystemDeployment (scripts/run-pilot-study.ts:306:13)

  console.log
        ≡ƒôê Executing load test...

      at PilotStudyManager.validateSystemDeployment (scripts/run-pilot-study.ts:309:13)

  console.log
    ≡ƒöä Running load test: CARTS Load Test - staging

      at StudyPlatformDeploymentManager.runLoadTest (lib/study-platform-deployment.ts:747:13)

  console.log
    Γ£à Load test completed: PASSED

      at StudyPlatformDeploymentManager.runLoadTest (lib/study-platform-deployment.ts:773:13)

  console.log
        Γ£à Load test passed (75 req/s, 450ms avg)

      at PilotStudyManager.validateSystemDeployment (scripts/run-pilot-study.ts:316:13)

  console.log
    
    ≡ƒôè Phase 4: Data Collection Execution

      at PilotStudyManager.runPilotStudy (scripts/run-pilot-study.ts:173:15)

  console.log
      ≡ƒôè Starting pilot data collection...

      at PilotStudyManager.executePilotDataCollection (scripts/run-pilot-study.ts:323:13)

  console.log
      ΓÅ│ Simulating 2-week data collection period...

      at PilotStudyManager.executePilotDataCollection (scripts/run-pilot-study.ts:332:13)

  console.log
      Γ£à Data collection completed

      at PilotStudyManager.executePilotDataCollection (scripts/run-pilot-study.ts:335:13)

  console.log
    
    ≡ƒôê Phase 5: Performance Monitoring

      at PilotStudyManager.runPilotStudy (scripts/run-pilot-study.ts:177:15)

  console.log
      ≡ƒôê Monitoring system performance...

      at PilotStudyManager.monitorPilotPerformance (scripts/run-pilot-study.ts:342:13)

  console.log
      Γ£à Performance monitoring completed (580ms avg, 99.7% uptime)

      at PilotStudyManager.monitorPilotPerformance (scripts/run-pilot-study.ts:359:13)

  console.log
    
    ≡ƒñû Phase 6: Context Transfer Validation

      at PilotStudyManager.runPilotStudy (scripts/run-pilot-study.ts:181:15)

  console.log
      ≡ƒñû Validating context transfer system...

      at PilotStudyManager.validateContextTransfer (scripts/run-pilot-study.ts:367:13)

  console.log
      Γ£à Context transfer validation completed (0.93 consistency)

      at PilotStudyManager.validateContextTransfer (scripts/run-pilot-study.ts:384:13)

  console.log
    
    ≡ƒöì Phase 7: Data Quality Assessment

      at PilotStudyManager.runPilotStudy (scripts/run-pilot-study.ts:185:15)

  console.log
      ≡ƒöì Assessing data quality...

      at PilotStudyManager.assessDataQuality (scripts/run-pilot-study.ts:392:13)

  console.log
      Γ£à Data quality assessment completed (94.2/100)

      at PilotStudyManager.assessDataQuality (scripts/run-pilot-study.ts:399:13)

  console.log
    
    ΓÜá∩╕Å  Phase 8: Technical Issue Analysis

      at PilotStudyManager.runPilotStudy (scripts/run-pilot-study.ts:189:15)

  console.log
      ΓÜá∩╕Å  Analyzing technical issues...

      at PilotStudyManager.analyzeTechnicalIssues (scripts/run-pilot-study.ts:407:13)

  console.log
      Γ£à Technical analysis completed (3 issues found)

      at PilotStudyManager.analyzeTechnicalIssues (scripts/run-pilot-study.ts:428:13)

  console.log
    
    ≡ƒôä Phase 9: Generating Pilot Report

      at PilotStudyManager.runPilotStudy (scripts/run-pilot-study.ts:193:15)

  console.log
    ≡ƒôä Pilot report saved: D:\CODE\voichat1012\results\pilot-study-report.json

      at PilotStudyManager.savePilotReport (scripts/run-pilot-study.ts:559:13)

  console.log
    
    Γ£à Pilot Study Completed Successfully

      at PilotStudyManager.runPilotStudy (scripts/run-pilot-study.ts:222:15)

  console.log
    ≡ƒÜÇ Starting deployment to staging environment...

      at StudyPlatformDeploymentManager.deployToEnvironment (lib/study-platform-deployment.ts:609:15)

  console.log
    ≡ƒöì Running pre-deployment checks...

      at StudyPlatformDeploymentManager.runPreDeploymentChecks (lib/study-platform-deployment.ts:782:13)

  console.log
    ≡ƒôª Creating backup: backup_1779899340341

      at StudyPlatformDeploymentManager.createBackup (lib/study-platform-deployment.ts:790:13)

  console.log
    ≡ƒôª Created backup: backup_1779899340341

      at StudyPlatformDeploymentManager.deployToEnvironment (lib/study-platform-deployment.ts:619:15)

  console.log
    ≡ƒöä Running database migrations...

      at StudyPlatformDeploymentManager.runMigrations (lib/study-platform-deployment.ts:796:13)

  console.log
      Running migration 001: create_participants_collection

      at StudyPlatformDeploymentManager.runMigrations (lib/study-platform-deployment.ts:799:15)

  console.log
      Running migration 002: create_sessions_collection

      at StudyPlatformDeploymentManager.runMigrations (lib/study-platform-deployment.ts:799:15)

  console.log
      Running migration 003: create_assessments_collection

      at StudyPlatformDeploymentManager.runMigrations (lib/study-platform-deployment.ts:799:15)

  console.log
    ≡ƒÜÇ Deploying application version 1.0.0...

      at StudyPlatformDeploymentManager.deployApplication (lib/study-platform-deployment.ts:807:13)

  console.log
    ≡ƒÅÑ Running health checks...

      at StudyPlatformDeploymentManager.runHealthChecks (lib/study-platform-deployment.ts:813:13)

  console.log
      Checking: API Health

      at StudyPlatformDeploymentManager.runHealthChecks (lib/study-platform-deployment.ts:816:15)

  console.log
      Checking: Database Connectivity

      at StudyPlatformDeploymentManager.runHealthChecks (lib/study-platform-deployment.ts:816:15)

  console.log
      Checking: Redis Connectivity

      at StudyPlatformDeploymentManager.runHealthChecks (lib/study-platform-deployment.ts:816:15)

  console.log
      Checking: Authentication Service

      at StudyPlatformDeploymentManager.runHealthChecks (lib/study-platform-deployment.ts:816:15)

  console.log
      Checking: LLM Context Transfer API

      at StudyPlatformDeploymentManager.runHealthChecks (lib/study-platform-deployment.ts:816:15)

  console.log
    Γ£à Deployment to staging completed successfully

      at StudyPlatformDeploymentManager.deployToEnvironment (lib/study-platform-deployment.ts:642:15)

  console.log
    Γ£à Completed 3 data integrity checks

      at QualityMonitoringSystem.runDataIntegrityChecks (lib/quality-monitoring.ts:598:13)

  console.log
    ≡ƒôè Generating weekly quality report for week 1...

      at QualityMonitoringSystem.generateWeeklyReport (lib/quality-monitoring.ts:377:13)

  console.log
    ≡ƒÜÇ Starting deployment to staging environment...

      at StudyPlatformDeploymentManager.deployToEnvironment (lib/study-platform-deployment.ts:609:15)

  console.log
    ≡ƒöì Running pre-deployment checks...

      at StudyPlatformDeploymentManager.runPreDeploymentChecks (lib/study-platform-deployment.ts:782:13)

  console.log
    ≡ƒôª Creating backup: backup_1779899357758

      at StudyPlatformDeploymentManager.createBackup (lib/study-platform-deployment.ts:790:13)

  console.log
    ≡ƒôª Created backup: backup_1779899357758

      at StudyPlatformDeploymentManager.deployToEnvironment (lib/study-platform-deployment.ts:619:15)

  console.log
    ≡ƒöä Running database migrations...

      at StudyPlatformDeploymentManager.runMigrations (lib/study-platform-deployment.ts:796:13)

  console.log
      Running migration 001: create_participants_collection

      at StudyPlatformDeploymentManager.runMigrations (lib/study-platform-deployment.ts:799:15)

  console.log
      Running migration 002: create_sessions_collection

      at StudyPlatformDeploymentManager.runMigrations (lib/study-platform-deployment.ts:799:15)

  console.log
      Running migration 003: create_assessments_collection

      at StudyPlatformDeploymentManager.runMigrations (lib/study-platform-deployment.ts:799:15)

  console.log
    ≡ƒÜÇ Deploying application version 1.0.0...

      at StudyPlatformDeploymentManager.deployApplication (lib/study-platform-deployment.ts:807:13)

  console.log
    ≡ƒÅÑ Running health checks...

      at StudyPlatformDeploymentManager.runHealthChecks (lib/study-platform-deployment.ts:813:13)

  console.log
      Checking: API Health

      at StudyPlatformDeploymentManager.runHealthChecks (lib/study-platform-deployment.ts:816:15)

  console.log
      Checking: Database Connectivity

      at StudyPlatformDeploymentManager.runHealthChecks (lib/study-platform-deployment.ts:816:15)

  console.log
      Checking: Redis Connectivity

      at StudyPlatformDeploymentManager.runHealthChecks (lib/study-platform-deployment.ts:816:15)

  console.log
      Checking: Authentication Service

      at StudyPlatformDeploymentManager.runHealthChecks (lib/study-platform-deployment.ts:816:15)

  console.log
      Checking: LLM Context Transfer API

      at StudyPlatformDeploymentManager.runHealthChecks (lib/study-platform-deployment.ts:816:15)

  console.log
    Γ£à Deployment to staging completed successfully

      at StudyPlatformDeploymentManager.deployToEnvironment (lib/study-platform-deployment.ts:642:15)

  console.log
    ≡ƒÜÇ Starting deployment to staging environment...

      at StudyPlatformDeploymentManager.deployToEnvironment (lib/study-platform-deployment.ts:609:15)

  console.log
    ≡ƒöì Running pre-deployment checks...

      at StudyPlatformDeploymentManager.runPreDeploymentChecks (lib/study-platform-deployment.ts:782:13)

  console.log
    ≡ƒôª Creating backup: backup_1779899373928

      at StudyPlatformDeploymentManager.createBackup (lib/study-platform-deployment.ts:790:13)

  console.log
    ≡ƒôª Created backup: backup_1779899373928

      at StudyPlatformDeploymentManager.deployToEnvironment (lib/study-platform-deployment.ts:619:15)

  console.log
    ≡ƒöä Running database migrations...

      at StudyPlatformDeploymentManager.runMigrations (lib/study-platform-deployment.ts:796:13)

  console.log
      Running migration 001: create_participants_collection

      at StudyPlatformDeploymentManager.runMigrations (lib/study-platform-deployment.ts:799:15)

  console.log
      Running migration 002: create_sessions_collection

      at StudyPlatformDeploymentManager.runMigrations (lib/study-platform-deployment.ts:799:15)

  console.log
      Running migration 003: create_assessments_collection

      at StudyPlatformDeploymentManager.runMigrations (lib/study-platform-deployment.ts:799:15)

  console.log
    ≡ƒÜÇ Deploying application version 1.0.0...

      at StudyPlatformDeploymentManager.deployApplication (lib/study-platform-deployment.ts:807:13)

  console.log
    ≡ƒÅÑ Running health checks...

      at StudyPlatformDeploymentManager.runHealthChecks (lib/study-platform-deployment.ts:813:13)

  console.log
      Checking: API Health

      at StudyPlatformDeploymentManager.runHealthChecks (lib/study-platform-deployment.ts:816:15)

  console.log
      Checking: Database Connectivity

      at StudyPlatformDeploymentManager.runHealthChecks (lib/study-platform-deployment.ts:816:15)

  console.log
      Checking: Redis Connectivity

      at StudyPlatformDeploymentManager.runHealthChecks (lib/study-platform-deployment.ts:816:15)

  console.log
      Checking: Authentication Service

      at StudyPlatformDeploymentManager.runHealthChecks (lib/study-platform-deployment.ts:816:15)

  console.log
      Checking: LLM Context Transfer API

      at StudyPlatformDeploymentManager.runHealthChecks (lib/study-platform-deployment.ts:816:15)

  console.log
    Γ£à Deployment to staging completed successfully

      at StudyPlatformDeploymentManager.deployToEnvironment (lib/study-platform-deployment.ts:642:15)

  console.log
    ≡ƒÜÇ Starting CARTS Pilot Study

      at PilotStudyManager.runPilotStudy (scripts/run-pilot-study.ts:149:13)

  console.log
    ==================================================

      at PilotStudyManager.runPilotStudy (scripts/run-pilot-study.ts:150:13)

  console.log
    
    ≡ƒôï Phase 1: Pre-pilot Validation

      at PilotStudyManager.runPilotStudy (scripts/run-pilot-study.ts:161:15)

  console.log
      ≡ƒöì Checking system requirements...

      at PilotStudyManager.validatePrePilotRequirements (scripts/run-pilot-study.ts:258:13)

  console.log
      ≡ƒôè Validating database schema...

      at PilotStudyManager.validatePrePilotRequirements (scripts/run-pilot-study.ts:269:13)

  console.log
      ≡ƒñû Testing LLM service connectivity...

      at PilotStudyManager.validatePrePilotRequirements (scripts/run-pilot-study.ts:273:13)

  console.log
      Γ£à All pre-pilot requirements validated

      at PilotStudyManager.validatePrePilotRequirements (scripts/run-pilot-study.ts:276:13)

  console.log
    
    ≡ƒæÑ Phase 2: Pilot Participant Recruitment

      at PilotStudyManager.runPilotStudy (scripts/run-pilot-study.ts:165:15)

  console.log
      ≡ƒæÑ Recruiting 20 pilot participants...

      at PilotStudyManager.recruitPilotParticipants (scripts/run-pilot-study.ts:283:13)

  console.log
      Γ£à Successfully recruited 20 participants

      at PilotStudyManager.recruitPilotParticipants (scripts/run-pilot-study.ts:298:13)

  console.log
    
    ≡ƒöº Phase 3: System Deployment Validation

      at PilotStudyManager.runPilotStudy (scripts/run-pilot-study.ts:169:15)

  console.log
      ≡ƒöº Running system deployment validation...

      at PilotStudyManager.validateSystemDeployment (scripts/run-pilot-study.ts:306:13)

  console.log
        ≡ƒôê Executing load test...

      at PilotStudyManager.validateSystemDeployment (scripts/run-pilot-study.ts:309:13)

  console.log
    ≡ƒöä Running load test: CARTS Load Test - staging

      at StudyPlatformDeploymentManager.runLoadTest (lib/study-platform-deployment.ts:747:13)

  console.log
    Γ£à Load test completed: PASSED

      at StudyPlatformDeploymentManager.runLoadTest (lib/study-platform-deployment.ts:773:13)

  console.log
        Γ£à Load test passed (75 req/s, 450ms avg)

      at PilotStudyManager.validateSystemDeployment (scripts/run-pilot-study.ts:316:13)

  console.log
    
    ≡ƒôè Phase 4: Data Collection Execution

      at PilotStudyManager.runPilotStudy (scripts/run-pilot-study.ts:173:15)

  console.log
      ≡ƒôè Starting pilot data collection...

      at PilotStudyManager.executePilotDataCollection (scripts/run-pilot-study.ts:323:13)

  console.log
      ΓÅ│ Simulating 2-week data collection period...

      at PilotStudyManager.executePilotDataCollection (scripts/run-pilot-study.ts:332:13)

  console.log
      Γ£à Data collection completed

      at PilotStudyManager.executePilotDataCollection (scripts/run-pilot-study.ts:335:13)

  console.log
    
    ≡ƒôê Phase 5: Performance Monitoring

      at PilotStudyManager.runPilotStudy (scripts/run-pilot-study.ts:177:15)

  console.log
      ≡ƒôê Monitoring system performance...

      at PilotStudyManager.monitorPilotPerformance (scripts/run-pilot-study.ts:342:13)

  console.log
      Γ£à Performance monitoring completed (560ms avg, 99.6% uptime)

      at PilotStudyManager.monitorPilotPerformance (scripts/run-pilot-study.ts:359:13)

  console.log
    
    ≡ƒñû Phase 6: Context Transfer Validation

      at PilotStudyManager.runPilotStudy (scripts/run-pilot-study.ts:181:15)

  console.log
      ≡ƒñû Validating context transfer system...

      at PilotStudyManager.validateContextTransfer (scripts/run-pilot-study.ts:367:13)

  console.log
      Γ£à Context transfer validation completed (0.91 consistency)

      at PilotStudyManager.validateContextTransfer (scripts/run-pilot-study.ts:384:13)

  console.log
    
    ≡ƒöì Phase 7: Data Quality Assessment

      at PilotStudyManager.runPilotStudy (scripts/run-pilot-study.ts:185:15)

  console.log
      ≡ƒöì Assessing data quality...

      at PilotStudyManager.assessDataQuality (scripts/run-pilot-study.ts:392:13)

  console.log
      Γ£à Data quality assessment completed (87.2/100)

      at PilotStudyManager.assessDataQuality (scripts/run-pilot-study.ts:399:13)

  console.log
    
    ΓÜá∩╕Å  Phase 8: Technical Issue Analysis

      at PilotStudyManager.runPilotStudy (scripts/run-pilot-study.ts:189:15)

  console.log
      ΓÜá∩╕Å  Analyzing technical issues...

      at PilotStudyManager.analyzeTechnicalIssues (scripts/run-pilot-study.ts:407:13)

  console.log
      Γ£à Technical analysis completed (3 issues found)

      at PilotStudyManager.analyzeTechnicalIssues (scripts/run-pilot-study.ts:428:13)

  console.log
    
    ≡ƒôä Phase 9: Generating Pilot Report

      at PilotStudyManager.runPilotStudy (scripts/run-pilot-study.ts:193:15)

  console.log
    ≡ƒôä Pilot report saved: D:\CODE\voichat1012\results\pilot-study-report.json

      at PilotStudyManager.savePilotReport (scripts/run-pilot-study.ts:559:13)

  console.log
    
    Γ£à Pilot Study Completed Successfully

      at PilotStudyManager.runPilotStudy (scripts/run-pilot-study.ts:222:15)

  console.log
    Γ£à Completed 3 data integrity checks

      at QualityMonitoringSystem.runDataIntegrityChecks (lib/quality-monitoring.ts:598:13)

  console.log
    ≡ƒôè Generating weekly quality report for week 1...

      at QualityMonitoringSystem.generateWeeklyReport (lib/quality-monitoring.ts:377:13)

  console.log
    ≡ƒöä Running load test: CARTS Load Test - staging

      at StudyPlatformDeploymentManager.runLoadTest (lib/study-platform-deployment.ts:747:13)

  console.log
    ≡ƒöä Running load test: CARTS Load Test - staging

      at StudyPlatformDeploymentManager.runLoadTest (lib/study-platform-deployment.ts:747:13)

  console.log
    ≡ƒöä Running load test: CARTS Load Test - staging

      at StudyPlatformDeploymentManager.runLoadTest (lib/study-platform-deployment.ts:747:13)

  console.log
    Γ£à Load test completed: PASSED

      at StudyPlatformDeploymentManager.runLoadTest (lib/study-platform-deployment.ts:773:13)
          at async Promise.all (index 0)

  console.log
    Γ£à Load test completed: PASSED

      at StudyPlatformDeploymentManager.runLoadTest (lib/study-platform-deployment.ts:773:13)
          at async Promise.all (index 1)

  console.log
    Γ£à Load test completed: PASSED

      at StudyPlatformDeploymentManager.runLoadTest (lib/study-platform-deployment.ts:773:13)
          at async Promise.all (index 2)

node.exe : PASS __tests__/study-deployment.test.ts (235.822 s)
At line:1 char:1
+ & "C:\Program Files\nodejs/node.exe" "C:\Program 
Files\nodejs/node_mo ...
+ ~~~~~~~~~~~~~~~~~~~~~~~~~~~~~~~~~~~~~~~~~~~~~~~~~~~~~~~~~~~~~~~~~~
~~~
    + CategoryInfo          : NotSpecified: (PASS __tests__/....ts  
   (235.822 s):String) [], RemoteException
    + FullyQualifiedErrorId : NativeCommandError
 
  Step 8: Real-World Study Preparation
    ParticipantRecruitmentManager
      ΓêÜ should screen eligible participant successfully (4 ms)
      ΓêÜ should reject participant with invalid age (1 ms)
      ΓêÜ should reject native English speakers (1 ms)
      ΓêÜ should reject participants with extensive spaced 
repetition experience
      ΓêÜ should generate unique anonymized IDs (1 ms)
      ΓêÜ should create participant profile with anonymization (1 
ms)
      ΓêÜ should calculate dropout risk correctly
      ΓêÜ should check quota availability (16 ms)
      ΓêÜ should generate recruitment dashboard data (2 ms)
    EarlyWarningSystem
      ΓêÜ should analyze engagement patterns (1 ms)
      ΓêÜ should generate appropriate interventions (1 ms)
    IRBDocumentationManager
      ΓêÜ should generate complete IRB application (1 ms)
      ΓêÜ should generate GDPR compliance framework (1 ms)
      ΓêÜ should generate Vietnamese data protection compliance
      ΓêÜ should generate privacy compliance checklist (2 ms)
      ΓêÜ should generate consent templates in both languages (2 ms)
      ΓêÜ should generate withdrawal protocol (2 ms)
    StudyPlatformDeploymentManager
      ΓêÜ should deploy to development environment successfully 
(15634 ms)
      ΓêÜ should deploy to staging environment successfully (15633 
ms)
      ΓêÜ should deploy to production environment successfully 
(15620 ms)
      ΓêÜ should fail deployment to non-existent environment (2 ms)
      ΓêÜ should run load test successfully (5014 ms)
      ΓêÜ should get deployment status for all environments (8 ms)
    QualityMonitoringSystem
      ΓêÜ should analyze participant quality metrics (11 ms)
      ΓêÜ should generate quality alerts based on metrics (5 ms)
      ΓêÜ should generate weekly quality report (367 ms)
      ΓêÜ should send participant reminders (411 ms)
      ΓêÜ should run data integrity checks (1519 ms)
    PilotStudyManager
      ΓêÜ should execute pilot study successfully (35381 ms)
      ΓêÜ should validate performance metrics structure (35328 ms)
      ΓêÜ should validate context transfer validation structure 
(35345 ms)
    Integration Tests
      ΓêÜ should integrate recruitment with quality monitoring (2 
ms)
      ΓêÜ should integrate deployment with quality monitoring 
(17414 ms)
      ΓêÜ should validate end-to-end pilot study workflow (50934 ms)
    Error Handling and Edge Cases
      ΓêÜ should handle invalid participant data gracefully (2 ms)
      ΓêÜ should handle deployment failures gracefully (1 ms)
      ΓêÜ should handle missing participant data in quality 
monitoring (2 ms)
      ΓêÜ should validate data integrity check error handling (1526 
ms)
    Performance and Scalability
      ΓêÜ should handle large participant datasets efficiently (314 
ms)
      ΓêÜ should handle concurrent load testing (5012 ms)

Test Suites: 1 passed, 1 total
Tests:       40 passed, 40 total
Snapshots:   0 total
Time:        236.16 s
Ran all test suites matching __tests__/study-deployment.test.ts.
